{
    "ID": 150258,
    "Login": "zhangsan",
    "Name": "张三",
    "Email": "test@coding.net",
    "Avatar": "https://coding-net-production-static-ci.codehub.cn/WM-TEXT-AVATAR-nfutKljCRlKcSLDTOmrv.jpg"
}
